// Vitest Snapshot v1, https://vitest.dev/guide/snapshot.html

exports[`printReport > matches the golden output 1`] = `
"Products:

  - Dell XPS 15 [LAP-DEL-XPS15] | Electronics | supplier: Nordic Devices | available: 3 (IN_STOCK) | rating: 4.50 | specs: cpu=Intel i7, ram=16, storage=512, weight=1.8 | price: 1299.99 -> 1169.99
  - Logitech MX Master 3S [ACC-LOG-MX3] | Accessories | supplier: Euro Accessories | available: 9 (IN_STOCK) | rating: 4.67 | price: 99.50 -> 84.58
  - TypeScript for Beginners [BOOK-TS-BASICS] | Books | supplier: Baltic Books | available: 1 (LOW) | rating: 3.00 | specs: pages=320, language=EN | price: 39.90
  - USB-C Hub 8-in-1 [ACC-USB-C-HUB] | Accessories | supplier: Euro Accessories | available: 0 (OUT) | rating: no reviews | specs: ports=8, usbVersion=USB 3.2 | price: 59.00"
`;
